INFO:     Started server process [13668]
INFO:     Waiting for application startup.
2026-08-11 17:49:53,443 INFO sqlalchemy.engine.Engine BEGIN (implicit)
2026-08-11 17:49:53,443 INFO sqlalchemy.engine.Engine PRAGMA main.table_info("users")
2026-08-11 17:49:53,443 INFO sqlalchemy.engine.Engine [raw sql] ()
2026-08-11 17:49:53,445 INFO sqlalchemy.engine.Engine PRAGMA main.table_info("subjects")
2026-08-11 17:49:53,445 INFO sqlalchemy.engine.Engine [raw sql] ()
2026-08-11 17:49:53,445 INFO sqlalchemy.engine.Engine PRAGMA main.table_info("units")
2026-08-11 17:49:53,445 INFO sqlalchemy.engine.Engine [raw sql] ()
2026-08-11 17:49:53,447 INFO sqlalchemy.engine.Engine PRAGMA main.table_info("chapters")
2026-08-11 17:49:53,447 INFO sqlalchemy.engine.Engine [raw sql] ()
2026-08-11 17:49:53,447 INFO sqlalchemy.engine.Engine PRAGMA main.table_info("topics")
2026-08-11 17:49:53,447 INFO sqlalchemy.engine.Engine [raw sql] ()
2026-08-11 17:49:53,448 INFO sqlalchemy.engine.Engine PRAGMA main.table_info("concepts")
2026-08-11 17:49:53,448 INFO sqlalchemy.engine.Engine [raw sql] ()
2026-08-11 17:49:53,449 INFO sqlalchemy.engine.Engine PRAGMA main.table_info("knowledge_relations")
2026-08-11 17:49:53,449 INFO sqlalchemy.engine.Engine [raw sql] ()
2026-08-11 17:49:53,450 INFO sqlalchemy.engine.Engine PRAGMA main.table_info("projects")
2026-08-11 17:49:53,450 INFO sqlalchemy.engine.Engine [raw sql] ()
2026-08-11 17:49:53,450 INFO sqlalchemy.engine.Engine PRAGMA main.table_info("tasks")
2026-08-11 17:49:53,450 INFO sqlalchemy.engine.Engine [raw sql] ()
2026-08-11 17:49:53,451 INFO sqlalchemy.engine.Engine PRAGMA main.table_info("files")
2026-08-11 17:49:53,451 INFO sqlalchemy.engine.Engine [raw sql] ()
2026-08-11 17:49:53,452 INFO sqlalchemy.engine.Engine PRAGMA main.table_info("chunks")
2026-08-11 17:49:53,452 INFO sqlalchemy.engine.Engine [raw sql] ()
2026-08-11 17:49:53,452 INFO sqlalchemy.engine.Engine PRAGMA main.table_info("learning_progress")
2026-08-11 17:49:53,452 INFO sqlalchemy.engine.Engine [raw sql] ()
2026-08-11 17:49:53,453 INFO sqlalchemy.engine.Engine PRAGMA main.table_info("study_sessions")
2026-08-11 17:49:53,453 INFO sqlalchemy.engine.Engine [raw sql] ()
2026-08-11 17:49:53,453 INFO sqlalchemy.engine.Engine PRAGMA main.table_info("quizzes")
2026-08-11 17:49:53,454 INFO sqlalchemy.engine.Engine [raw sql] ()
2026-08-11 17:49:53,454 INFO sqlalchemy.engine.Engine PRAGMA main.table_info("questions")
2026-08-11 17:49:53,454 INFO sqlalchemy.engine.Engine [raw sql] ()
2026-08-11 17:49:53,455 INFO sqlalchemy.engine.Engine PRAGMA main.table_info("quiz_responses")
2026-08-11 17:49:53,455 INFO sqlalchemy.engine.Engine [raw sql] ()
2026-08-11 17:49:53,455 INFO sqlalchemy.engine.Engine PRAGMA main.table_info("memories")
2026-08-11 17:49:53,455 INFO sqlalchemy.engine.Engine [raw sql] ()
2026-08-11 17:49:53,456 INFO sqlalchemy.engine.Engine PRAGMA main.table_info("flashcards")
2026-08-11 17:49:53,457 INFO sqlalchemy.engine.Engine [raw sql] ()
2026-08-11 17:49:53,457 INFO sqlalchemy.engine.Engine PRAGMA main.table_info("study_plans")
2026-08-11 17:49:53,457 INFO sqlalchemy.engine.Engine [raw sql] ()
2026-08-11 17:49:53,458 INFO sqlalchemy.engine.Engine PRAGMA main.table_info("chat_history")
2026-08-11 17:49:53,458 INFO sqlalchemy.engine.Engine [raw sql] ()
2026-08-11 17:49:53,459 INFO sqlalchemy.engine.Engine PRAGMA main.table_info("whiteboards")
2026-08-11 17:49:53,459 INFO sqlalchemy.engine.Engine [raw sql] ()
2026-08-11 17:49:53,459 INFO sqlalchemy.engine.Engine PRAGMA main.table_info("notifications")
2026-08-11 17:49:53,459 INFO sqlalchemy.engine.Engine [raw sql] ()
2026-08-11 17:49:53,460 INFO sqlalchemy.engine.Engine PRAGMA table_info(users)
2026-08-11 17:49:53,460 INFO sqlalchemy.engine.Engine [raw sql] ()
2026-08-11 17:49:53,461 INFO sqlalchemy.engine.Engine PRAGMA table_info(quizzes)
2026-08-11 17:49:53,461 INFO sqlalchemy.engine.Engine [raw sql] ()
2026-08-11 17:49:53,461 INFO sqlalchemy.engine.Engine PRAGMA table_info(units)
2026-08-11 17:49:53,461 INFO sqlalchemy.engine.Engine [raw sql] ()
2026-08-11 17:49:53,462 INFO sqlalchemy.engine.Engine PRAGMA table_info(files)
2026-08-11 17:49:53,462 INFO sqlalchemy.engine.Engine [raw sql] ()
2026-08-11 17:49:53,463 INFO sqlalchemy.engine.Engine COMMIT
INFO:     Application startup complete.
INFO:     Uvicorn running on http://0.0.0.0:8000 (Press CTRL+C to quit)
2026-08-11 17:49:58,442 INFO sqlalchemy.engine.Engine BEGIN (implicit)
2026-08-11 17:49:58,485 INFO sqlalchemy.engine.Engine SELECT users.id, users.email, users.username, users.full_name, users.hashed_password, users.role, users.avatar_url, users.university, users.course, users.semester, users.education_level, users.occupation, users.domain, users.learning_mode, users.preferences, users.is_active, users.is_verified, users.created_at, users.updated_at 
FROM users 
WHERE users.username = ?
2026-08-11 17:49:58,485 INFO sqlalchemy.engine.Engine [generated in 0.00022s] ('demo',)
2026-08-11 17:49:58,488 INFO sqlalchemy.engine.Engine UPDATE users SET full_name=?, updated_at=? WHERE users.id = ?
2026-08-11 17:49:58,488 INFO sqlalchemy.engine.Engine [generated in 0.00020s] ('Test User', '2026-08-11 12:19:58.488429', '50b5712e5c4145f38199a7707a232ea5')
2026-08-11 17:49:58,490 INFO sqlalchemy.engine.Engine COMMIT
2026-08-11 17:49:58,495 INFO sqlalchemy.engine.Engine BEGIN (implicit)
2026-08-11 17:49:58,496 INFO sqlalchemy.engine.Engine SELECT users.id, users.email, users.username, users.full_name, users.hashed_password, users.role, users.avatar_url, users.university, users.course, users.semester, users.education_level, users.occupation, users.domain, users.learning_mode, users.preferences, users.is_active, users.is_verified, users.created_at, users.updated_at 
FROM users 
WHERE users.id = ?
2026-08-11 17:49:58,496 INFO sqlalchemy.engine.Engine [generated in 0.00015s] ('50b5712e5c4145f38199a7707a232ea5',)
INFO:     127.0.0.1:27991 - "PUT /api/auth/me HTTP/1.1" 200 OK
2026-08-11 17:49:58,498 INFO sqlalchemy.engine.Engine ROLLBACK
2026-08-11 17:50:02,618 INFO sqlalchemy.engine.Engine BEGIN (implicit)
2026-08-11 17:50:02,619 INFO sqlalchemy.engine.Engine SELECT users.id, users.email, users.username, users.full_name, users.hashed_password, users.role, users.avatar_url, users.university, users.course, users.semester, users.education_level, users.occupation, users.domain, users.learning_mode, users.preferences, users.is_active, users.is_verified, users.created_at, users.updated_at 
FROM users 
WHERE users.username = ?
2026-08-11 17:50:02,619 INFO sqlalchemy.engine.Engine [cached since 4.133s ago] ('demo',)
2026-08-11 17:50:02,621 INFO sqlalchemy.engine.Engine SELECT notifications.id, notifications.user_id, notifications.title, notifications.message, notifications.notification_type, notifications.is_read, notifications.action_url, notifications.created_at 
FROM notifications 
WHERE notifications.user_id = ? ORDER BY notifications.created_at DESC
 LIMIT ? OFFSET ?
2026-08-11 17:50:02,621 INFO sqlalchemy.engine.Engine [generated in 0.00012s] ('50b5712e5c4145f38199a7707a232ea5', 50, 0)
INFO:     127.0.0.1:37736 - "GET /api/notifications HTTP/1.1" 200 OK
2026-08-11 17:50:02,623 INFO sqlalchemy.engine.Engine ROLLBACK
2026-08-11 17:50:17,308 INFO sqlalchemy.engine.Engine BEGIN (implicit)
2026-08-11 17:50:17,309 INFO sqlalchemy.engine.Engine SELECT users.id, users.email, users.username, users.full_name, users.hashed_password, users.role, users.avatar_url, users.university, users.course, users.semester, users.education_level, users.occupation, users.domain, users.learning_mode, users.preferences, users.is_active, users.is_verified, users.created_at, users.updated_at 
FROM users 
WHERE users.username = ?
2026-08-11 17:50:17,309 INFO sqlalchemy.engine.Engine [cached since 18.82s ago] ('demo',)
2026-08-11 17:50:17,310 INFO sqlalchemy.engine.Engine SELECT notifications.id, notifications.user_id, notifications.title, notifications.message, notifications.notification_type, notifications.is_read, notifications.action_url, notifications.created_at 
FROM notifications 
WHERE notifications.user_id = ? ORDER BY notifications.created_at DESC
 LIMIT ? OFFSET ?
2026-08-11 17:50:17,310 INFO sqlalchemy.engine.Engine [cached since 14.69s ago] ('50b5712e5c4145f38199a7707a232ea5', 50, 0)
INFO:     127.0.0.1:53810 - "GET /api/notifications HTTP/1.1" 200 OK
2026-08-11 17:50:17,312 INFO sqlalchemy.engine.Engine ROLLBACK
2026-08-11 17:50:32,616 INFO sqlalchemy.engine.Engine BEGIN (implicit)
2026-08-11 17:50:32,616 INFO sqlalchemy.engine.Engine SELECT users.id, users.email, users.username, users.full_name, users.hashed_password, users.role, users.avatar_url, users.university, users.course, users.semester, users.education_level, users.occupation, users.domain, users.learning_mode, users.preferences, users.is_active, users.is_verified, users.created_at, users.updated_at 
FROM users 
WHERE users.username = ?
2026-08-11 17:50:32,616 INFO sqlalchemy.engine.Engine [cached since 34.13s ago] ('demo',)
2026-08-11 17:50:32,617 INFO sqlalchemy.engine.Engine SELECT notifications.id, notifications.user_id, notifications.title, notifications.message, notifications.notification_type, notifications.is_read, notifications.action_url, notifications.created_at 
FROM notifications 
WHERE notifications.user_id = ? ORDER BY notifications.created_at DESC
 LIMIT ? OFFSET ?
2026-08-11 17:50:32,617 INFO sqlalchemy.engine.Engine [cached since 30s ago] ('50b5712e5c4145f38199a7707a232ea5', 50, 0)
INFO:     127.0.0.1:18134 - "GET /api/notifications HTTP/1.1" 200 OK
2026-08-11 17:50:32,619 INFO sqlalchemy.engine.Engine ROLLBACK
